[masahiro.local/index.html]
[backblue.gif]
[fade.gif]
[index.html]
[masahiro.local/wp-content/plugins/gutenberg/build/block-library/style.css]
[masahiro.local/feed/index.html]
[masahiro.local/wp-content/plugins/embed-gutenberg-block-google-maps/assets/css/style.836e5da587e9ec9692c0.css]
[masahiro.local/comments/feed/index.html]
[masahiro.local/wp-content/plugins/coblocks/dist/blocks.style.build.css]
[masahiro.local/wp-content/themes/chaplin/assets/css/font-awesome.css]
[masahiro.local/wp-content/themes/chaplin/style.css]
[c0.wp.com/p/jetpack/7.7.3/css/jetpack.css]
[c0.wp.com/c/5.2.7/wp-includes/js/jquery/jquery.js]
[c0.wp.com/c/5.2.7/wp-includes/js/jquery/jquery-migrate.min.js]
[c0.wp.com/c/5.2.7/wp-includes/js/imagesloaded.min.js]
[masahiro.local/wp-content/themes/chaplin/assets/js/modernizr-touchevents.min.js]
[masahiro.local/wp-content/themes/chaplin/assets/js/construct.js]
[masahiro.local/xmlrpc0db0.php]
[masahiro.local/wp-includes/wlwmanifest.xml]
[masahiro.local/wp-json/index.html]
[masahiro.local/wp-json/oembed/1.0/embed10f4.json]
[masahiro.local/wp-json/oembed/1.0/embed509f]
[masahiro.local/wp-content/uploads/2019/09/cropped-favicon-2-32x32.png]
[masahiro.local/wp-content/uploads/2019/09/cropped-favicon-2-192x192.png]
[masahiro.local/wp-content/uploads/2019/09/cropped-favicon-2-180x180.png]
[masahiro.local/wp-content/uploads/2019/09/cropped-masahiro-logo-new.png]
[masahiro.local/wp-content/uploads/2019/09/web-header-1980x1320.jpg]
[masahiro.local/wp-content/uploads/2019/09/web-header-2240x1493.jpg]
[masahiro.local/wp-content/uploads/2019/09/block-1-1024x450.jpg]
[masahiro.local/wp-content/uploads/2019/09/step-2.jpg]
[masahiro.local/wp-content/uploads/2019/09/awa-storefront-1024x683.jpg]
[masahiro.local/wp-content/plugins/coblocks/dist/js/vendors/slick.min.js]
[s0.wp.com/wp-content/js/devicepx-jetpacka80f.js]
[c0.wp.com/p/jetpack/7.7.3/_inc/build/lazy-images/js/lazy-images.min.js]
[c0.wp.com/c/5.2.7/wp-includes/js/wp-embed.min.js]
[masahiro.local/index.html]
[masahiro.local/wp-content/plugins/gutenberg/build/block-library/style.css]
[masahiro.local/wp-content/plugins/embed-gutenberg-block-google-maps/assets/css/style.836e5da587e9ec9692c0.css]
[stats.wp.com/e-202039.js]
[masahiro.local/wp-content/plugins/coblocks/dist/blocks.style.build.css]
[masahiro.local/wp-content/themes/chaplin/assets/fonts/font-awesome/fa-solid-900.woff2]
[masahiro.local/wp-content/themes/chaplin/assets/fonts/font-awesome/fa-solid-900.woff]
[masahiro.local/wp-content/themes/chaplin/assets/fonts/font-awesome/fa-brands-400.woff2]
[masahiro.local/wp-content/themes/chaplin/assets/fonts/font-awesome/fa-brands-400.woff]
[masahiro.local/wp-content/themes/chaplin/assets/css/font-awesome.css]
[masahiro.local/wp-content/themes/chaplin/style.css]
[c0.wp.com/p/jetpack/7.7.3/modules/carousel/images/arrows.png]
[c0.wp.com/p/jetpack/7.7.3/modules/carousel/images/arrows-2x.png]
[c0.wp.com/p/jetpack/7.7.3/modules/carousel/images/carousel-spritee4da.png]
[c0.wp.com/p/jetpack/7.7.3/modules/carousel/images/carousel-sprite-2xe4da.png]
[c0.wp.com/p/jetpack/7.7.3/modules/shortcodes/img/slideshow-controls.png]
[c0.wp.com/p/jetpack/7.7.3/modules/shortcodes/img/slideshow-controls-2x.png]
[c0.wp.com/p/jetpack/7.7.3/modules/shortcodes/images/slide-nav.png]
[c0.wp.com/p/jetpack/7.7.3/modules/shortcodes/images/expand.png]
[c0.wp.com/p/jetpack/7.7.3/modules/shortcodes/images/collapse.png]
[secure.gravatar.com/images/grav-share-sprite.png]
[c0.wp.com/p/jetpack/7.7.3/css/jetpack.css]
[masahiro.local/wp-content/themes/chaplin/assets/js/modernizr-touchevents.min.js]
[masahiro.local/wp-content/themes/chaplin/assets/js/construct.js]
[masahiro.local/wp-content/plugins/coblocks/dist/js/vendors/slick.min.js]
[masahiro.local/wp-content/uploads/2019/09/step-3.jpg]
[masahiro.local/wp-content/plugins/coblocks/dist/images/list/checkbox-rounded-child.svg]
[masahiro.local/wp-content/plugins/coblocks/dist/images/lightbox/arrow-left.svg]
[masahiro.local/wp-content/plugins/coblocks/dist/images/lightbox/arrow-right.svg]
[masahiro.local/wp-content/plugins/coblocks/dist/images/lightbox/close.svg]
[masahiro.local/wp-content/plugins/coblocks/dist/images/social/twitter.svg]
[masahiro.local/wp-content/plugins/coblocks/dist/images/food-attribute/popular.svg]
[masahiro.local/wp-content/plugins/coblocks/dist/images/food-attribute/spicy.svg]
[masahiro.local/wp-content/plugins/coblocks/dist/images/food-attribute/vegan.svg]
[masahiro.local/wp-content/plugins/coblocks/dist/images/food-attribute/vegetarian.svg]
[masahiro.local/wp-content/plugins/coblocks/dist/images/food-attribute/pescatarian.svg]
[masahiro.local/wp-content/plugins/coblocks/dist/images/food-attribute/glutenFree.svg]
[masahiro.local/wp-content/plugins/coblocks/dist/images/social/facebook.svg]
[masahiro.local/wp-content/plugins/coblocks/dist/images/social/pinterest.svg]
[masahiro.local/wp-content/plugins/coblocks/dist/images/social/linkedin.svg]
[masahiro.local/wp-content/plugins/coblocks/dist/images/social/tumblr.svg]
[masahiro.local/wp-content/plugins/coblocks/dist/images/social/reddit.svg]
[masahiro.local/wp-content/plugins/coblocks/dist/images/social/email.svg]
[masahiro.local/wp-content/plugins/coblocks/dist/images/social/google.svg]
[masahiro.local/wp-content/plugins/coblocks/dist/images/social/yelp.svg]
[masahiro.local/wp-content/plugins/coblocks/dist/images/social/youtube.svg]
[masahiro.local/wp-content/plugins/coblocks/dist/images/social/instagram.svg]
[masahiro.local/wp-content/plugins/coblocks/dist/images/social/houzz.svg]
[masahiro.local/wp-content/uploads/2019/09/step-1.jpg]
[masahiro.local/wp-content/plugins/coblocks/dist/images/list/checkbox-rounded.svg]
